[www.malinkacapital.com/index.html]
[backblue.gif]
[fade.gif]
[index.html]
[static.tildacdn.com/tild3034-3033-4135-b036-643034346162/___.png]
[static.tildacdn.com/css/tilda-grid-3.0.min.css]
[tilda.ws/project2098589/tilda-blocks-2.128eec.css]
[static.tildacdn.com/css/tilda-animation-1.0.min.css]
[static.tildacdn.com/css/tilda-menusub-1.0.min.css]
[static.tildacdn.com/css/tilda-slds-1.4.min.css]
[static.tildacdn.com/css/tilda-zoom-2.0.min.css]
[static.tildacdn.com/css/tilda-popup-1.1.min.css]
[static.tildacdn.com/js/jquery-1.10.2.min.js]
[static.tildacdn.com/js/tilda-scripts-2.8.min.js]
[tilda.ws/project2098589/tilda-blocks-2.78eec.js]
[static.tildacdn.com/js/lazyload-1.3.min.js]
[static.tildacdn.com/js/tilda-animation-1.0.min.js]
[static.tildacdn.com/js/tilda-menusub-1.0.min.js]
[static.tildacdn.com/js/tilda-slds-1.4.min.js]
[static.tildacdn.com/js/hammer.min.js]
[static.tildacdn.com/js/tilda-zoom-2.0.min.js]
[static.tildacdn.com/js/tilda-animation-sbs-1.0.min.js]
[static.tildacdn.com/js/tilda-forms-1.0.min.js]
[static.tildacdn.com/js/tilda-animation-ext-1.0.min.js]
[www.malinkacapital.com/hedge.html]
[www.malinkacapital.com/instrumenty.html]
[www.malinkacapital.com/blog.html]
[www.malinkacapital.com/eng.html]
[www.malinkacapital.com/mainpage.html]
[www.malinkacapital.com/1.html]
[www.malinkacapital.com/2.html]
[www.malinkacapital.com/3.html]
[static.tildacdn.com/css/tilda-range-1.0.min.css]
[static.tildacdn.com/js/tilda-range-1.0.min.js]
[www.malinkacapital.com/features]
[static.tildacdn.com/tild6236-3739-4138-a138-333339393434/-/resize/20x/Group_180.png]
[www.malinkacapital.com/politika_konf.html]
[cdn.jsdelivr.net/npm/vue/dist/vue.js]
[mc.yandex.ru/metrika/tag.js]
[www.malinkacapital.com/index.html]
[static.tildacdn.com/css/tilda-grid-3.0.min.css]
[tilda.ws/project2098589/tilda-blocks-2.128eec.css]
[static.tildacdn.com/css/tilda-animation-1.0.min.css]
[static.tildacdn.com/css/tilda-menusub-1.0.min.css]
[static.tildacdn.com/css/tilda-slds-1.4.min.css]
[static.tildacdn.com/css/tilda-zoom-2.0.min.css]
[static.tildacdn.com/css/tilda-popup-1.1.min.css]
[stat.tildacdn.com/js/tildastat-0.2.min.js]
[static.tildacdn.com/tild6130-6365-4565-b538-653231396137/___.png]
[tilda.ws/project2098589/tilda-blocks-2.127d06.css]
[tilda.ws/project2098589/tilda-blocks-2.77d06.js]
[www.malinkacapital.com/hedge.html]
[www.malinkacapital.com/hedge_fund.html]
[static.tildacdn.com/tild6564-3435-4665-b536-313238363563/___.png]
[tilda.ws/project2098589/tilda-blocks-2.12cb34.css]
[tilda.ws/project2098589/tilda-blocks-2.7cb34.js]
[www.malinkacapital.com/instrumenty.html]
[www.malinkacapital.com/tools.html]
[static.tildacdn.com/tild3636-3433-4666-b363-353664373334/___.png]
[tilda.ws/project2098589/tilda-blocks-2.127a2e.css]
[tilda.ws/project2098589/tilda-blocks-2.77a2e.js]
[www.malinkacapital.com/blog_eng.html]
[static.tildacdn.com/tild3539-6139-4861-a365-663534393836/-/resizeb/20x/Hedge-Fund-min.jpg]
[static.tildacdn.com/tild6161-6335-4165-b037-626235363733/-/resizeb/20x/image_279.png]
[static.tildacdn.com/tild3935-3466-4362-b065-643363386430/-/resizeb/20x/image_277.png]
[www.malinkacapital.com/blog.html]
[static.tildacdn.com/tild6136-3964-4866-b433-616231616363/___.png]
[tilda.ws/project2098589/tilda-blocks-2.120947.css]
[tilda.ws/project2098589/tilda-blocks-2.70947.js]
[www.malinkacapital.com/consent_eng]
[www.malinkacapital.com/eng.html]
[www.malinkacapital.com/mainpage.html]
[static.tildacdn.com/tild3539-6139-4861-a365-663534393836/-/resize/504x/Hedge-Fund-min.jpg]
[static.tildacdn.com/tild3539-6139-4861-a365-663534393836/-/resize/20x/Hedge-Fund-min.jpg]
[www.malinkacapital.com/1.html]
[static.tildacdn.com/tild3935-3466-4362-b065-643363386430/-/resize/504x/image_277.png]
[static.tildacdn.com/tild3935-3466-4362-b065-643363386430/-/resize/20x/image_277.png]
[static.tildacdn.com/e6c832a3-9f41-462c-8869-7fda0804159d/-/empty/team.png]
[static.tildacdn.com/16bb90f0-5c2e-4e36-a8f0-0405b4494881/-/empty/flat.png]
[static.tildacdn.com/264a5bd0-f307-4c05-ba96-11bd635fd87b/-/empty/city.png]
[static.tildacdn.com/f6f438e9-484c-4fe5-816c-44833812c5c8/-/resize/20x/18.jpg]
[static.tildacdn.com/710af5f8-f68a-4a5e-a02f-ef5af7b0e621/-/resizeb/20x/19.jpg]
[static.tildacdn.com/710af5f8-f68a-4a5e-a02f-ef5af7b0e621/19.jpg]
[static.tildacdn.com/5391af97-f0cc-4716-b645-8796d93225f6/-/resizeb/20x/20.jpg]
[static.tildacdn.com/5391af97-f0cc-4716-b645-8796d93225f6/20.jpg]
[static.tildacdn.com/9acd31b1-3b21-45a3-bdaa-71ee5218b9e1/-/resize/20x/11a.jpg]
[static.tildacdn.com/1546b0ef-7c85-4a66-9224-06c30420a9d1/noroot.jpg]
[static.tildacdn.com/1546b0ef-7c85-4a66-9224-06c30420a9d1/-/empty/noroot.png]
[static.tildacdn.com/9ebbb081-f302-4a1f-88f9-d71ac28b8fa3/-/resizeb/20x/8.jpg]
[static.tildacdn.com/9ebbb081-f302-4a1f-88f9-d71ac28b8fa3/8.jpg]
[static.tildacdn.com/20fc3c65-7abe-4141-962d-2bef50d3e3e2/-/resizeb/20x/10.jpg]
[static.tildacdn.com/20fc3c65-7abe-4141-962d-2bef50d3e3e2/10.jpg]
[static.tildacdn.com/8efa2989-2cbd-4785-b498-2005727c76f7/-/resizeb/20x/11.jpg]
[static.tildacdn.com/8efa2989-2cbd-4785-b498-2005727c76f7/11.jpg]
[static.tildacdn.com/ab8d3802-8f05-4316-8d2f-400ab7e70042/-/resize/20x/1.jpg]
[static.tildacdn.com/tild3931-3333-4933-b262-656464386264/3.jpg]
[static.tildacdn.com/tild3931-3333-4933-b262-656464386264/-/resizeb/20x/3.jpg]
[static.tildacdn.com/tild3734-3238-4538-a138-613537336135/2.jpg]
[static.tildacdn.com/tild3734-3238-4538-a138-613537336135/-/resizeb/20x/2.jpg]
[static.tildacdn.com/tild6364-3361-4665-a665-316161653931/5.jpg]
[static.tildacdn.com/tild6364-3361-4665-a665-316161653931/-/resizeb/20x/5.jpg]
[static.tildacdn.com/tild3334-6166-4136-b333-353137633866/9.jpg]
[static.tildacdn.com/tild3334-6166-4136-b333-353137633866/-/resizeb/20x/9.jpg]
[static.tildacdn.com/3852002f-4510-4150-b0dc-0854e5e1d2b9/-/resize/20x/14.jpg]
[static.tildacdn.com/b2b864d7-213f-40e1-bacc-954ab2476356/-/resize/20x/12.jpg]
[static.tildacdn.com/acbd1a21-ffb9-43ed-8d16-8766470cbbaf/-/resize/20x/13.jpg]
[static.tildacdn.com/40441c64-f870-406c-bf4a-b30e4fe8e577/-/resize/20x/17.jpg]
[static.tildacdn.com/tild3135-3039-4638-b535-613066643762/15.jpg]
[static.tildacdn.com/tild3135-3039-4638-b535-613066643762/-/resizeb/20x/15.jpg]
[static.tildacdn.com/tild3061-3535-4939-b539-353639643462/16.jpg]
[static.tildacdn.com/tild3061-3535-4939-b539-353639643462/-/resizeb/20x/16.jpg]
[static.tildacdn.com/d6209ed7-2e87-4c87-ab87-01da3506feb3/-/empty/189957_196755917021554_1872769_n.png]
[www.malinkacapital.com/2.html]
[static.tildacdn.com/js/ya-share.js]
[static.tildacdn.com/tild6161-6335-4165-b037-626235363733/-/resize/504x/image_279.png]
[static.tildacdn.com/tild6161-6335-4165-b037-626235363733/-/resize/20x/image_279.png]
[www.malinkacapital.com/3.html]
[static.tildacdn.com/css/tilda-range-1.0.min.css]
[www.malinkacapital.com/features.html]
[static.tildacdn.com/tild6161-3239-4035-a436-616163343661/___.png]
[www.malinkacapital.com/politika_konf.html]
[tilda.ws/project2098589/tilda-blocks-2.127d06.css]
[tilda.ws/project2098589/tilda-blocks-2.77d06.js]
[www.malinkacapital.com/soglasie]
[static.tildacdn.com/tild3533-3035-4133-a133-363333663561/___.png]
[www.malinkacapital.com/tilda/popup/index.html]
[tilda.ws/project2098589/tilda-blocks-2.125961.css]
[www.malinkacapital.com/hedge_fund.html]
[tilda.ws/project2098589/tilda-blocks-2.12cb34.css]
[tilda.ws/project2098589/tilda-blocks-2.75961.js]
[static.tildacdn.com/tild6562-3731-4366-a162-343232376661/___.png]
[tilda.ws/project2098589/tilda-blocks-2.12ad50.css]
[www.malinkacapital.com/tools.html]
[tilda.ws/project2098589/tilda-blocks-2.127a2e.css]
[tilda.ws/project2098589/tilda-blocks-2.77a2e.js]
[tilda.ws/project2098589/tilda-blocks-2.7ad50.js]
[static.tildacdn.com/tild6634-3766-4339-b362-313564373863/___.png]
[www.malinkacapital.com/blog_eng.html]
[tilda.ws/project2098589/tilda-blocks-2.120947.css]
[tilda.ws/project2098589/tilda-blocks-2.70947.js]
[www.malinkacapital.com/consent_eng.html]
[static.tildacdn.com/tild3230-6537-4233-a230-313161336432/___.png]
[www.malinkacapital.com/soglasie]
[www.malinkacapital.com/tilda/popup/index.html]
[tilda.ws/project2098589/tilda-blocks-2.125961.css]
[tilda.ws/project2098589/tilda-blocks-2.12ad50.css]
[tilda.ws/project2098589/tilda-blocks-2.7ad50.js]
[www.malinkacapital.com/consent.html]
[static.tildacdn.com/tild3731-3062-4238-b731-623364623235/___.png]
[www.malinkacapital.com/consent.html]
[www.malinkacapital.com/privacy]
[static.tildacdn.com/tild6465-3831-4362-b635-356666333562/___.png]
[www.malinkacapital.com/privacy]
